Copyright 1986-2022 Xilinx, Inc. All Rights Reserved. Copyright 2022-2025 Advanced Micro Devices, Inc. All Rights Reserved.
---------------------------------------------------------------------------------------------------------------------------------------------
| Tool Version : Vivado v.2025.2 (win64) Build 6299465 Fri Nov 14 19:35:11 GMT 2025
| Date         : Wed May 13 21:01:26 2026
| Host         : DESKTOP-0KGRA1B running 64-bit major release  (build 9200)
| Command      : report_control_sets -verbose -file top_module_control_sets_placed.rpt
| Design       : top_module
| Device       : xc7a35t
---------------------------------------------------------------------------------------------------------------------------------------------

Control Set Information

Table of Contents
-----------------
1. Summary
2. Histogram
3. Flip-Flop Distribution
4. Detailed Control Set Information

1. Summary
----------

+----------------------------------------------------------+-------+
|                          Status                          | Count |
+----------------------------------------------------------+-------+
| Total control sets                                       |    20 |
|    Minimum number of control sets                        |    20 |
|    Addition due to synthesis replication                 |     0 |
|    Addition due to physical synthesis replication        |     0 |
| Unused register locations in slices containing registers |    90 |
+----------------------------------------------------------+-------+
* Control sets can be merged at opt_design using control_set_merge or merge_equivalent_drivers
** Run report_qor_suggestions for automated merging and remapping suggestions


2. Histogram
------------

+--------------------+-------+
|       Fanout       | Count |
+--------------------+-------+
| Total control sets |    20 |
| >= 0 to < 4        |     6 |
| >= 4 to < 6        |     2 |
| >= 6 to < 8        |     1 |
| >= 8 to < 10       |     4 |
| >= 10 to < 12      |     4 |
| >= 12 to < 14      |     0 |
| >= 14 to < 16      |     1 |
| >= 16              |     2 |
+--------------------+-------+
* Control sets can be remapped at either synth_design or opt_design


3. Flip-Flop Distribution
-------------------------

+--------------+-----------------------+------------------------+-----------------+--------------+
| Clock Enable | Synchronous Set/Reset | Asynchronous Set/Reset | Total Registers | Total Slices |
+--------------+-----------------------+------------------------+-----------------+--------------+
| No           | No                    | No                     |              22 |           13 |
| No           | No                    | Yes                    |              14 |            6 |
| No           | Yes                   | No                     |              26 |            7 |
| Yes          | No                    | No                     |               6 |            4 |
| Yes          | No                    | Yes                    |               0 |            0 |
| Yes          | Yes                   | No                     |              82 |           35 |
+--------------+-----------------------+------------------------+-----------------+--------------+


4. Detailed Control Set Information
-----------------------------------

+-------------------------+-----------------------------------+-------------------------------+------------------+----------------+--------------+
|       Clock Signal      |           Enable Signal           |        Set/Reset Signal       | Slice Load Count | Bel Load Count | Bels / Slice |
+-------------------------+-----------------------------------+-------------------------------+------------------+----------------+--------------+
|  clk_IBUF_BUFG          |                                   |                               |                1 |              1 |         1.00 |
|  clk_IBUF_BUFG          | sccb/init_ready_i_1_n_0           | btnC_IBUF                     |                1 |              1 |         1.00 |
|  clk_IBUF_BUFG          | sccb/sio_d_i_1_n_0                | btnC_IBUF                     |                1 |              1 |         1.00 |
|  clk_IBUF_BUFG          | sccb/sio_c_i_1_n_0                | btnC_IBUF                     |                1 |              1 |         1.00 |
|  clock_gen/inst/vga_clk | vga_timing/reg_hsync_i_1_n_0      |                               |                2 |              2 |         1.00 |
|  PCLK_IBUF_BUFG         |                                   |                               |                2 |              2 |         1.00 |
|  PCLK_IBUF_BUFG         | capture_unit/d_latched[7]_i_1_n_0 |                               |                2 |              4 |         2.00 |
|  PCLK_IBUF_BUFG         | capture_unit/dout[4]_i_1_n_0      | btnC_IBUF                     |                3 |              5 |         1.67 |
|  clk_IBUF_BUFG          |                                   | btnC_IBUF                     |                2 |              7 |         3.50 |
|  clk_IBUF_BUFG          | sccb/FSM_onehot_state[7]_i_1_n_0  | btnC_IBUF                     |                4 |              8 |         2.00 |
|  clk_IBUF_BUFG          | sccb/current_byte_1[0]            | btnC_IBUF                     |                4 |              8 |         2.00 |
|  clk_IBUF_BUFG          | sccb/rom_addr[0]                  | btnC_IBUF                     |                3 |              8 |         2.67 |
|  clk_IBUF_BUFG          |                                   | sccb/divcnt[8]_i_1_n_0        |                2 |              9 |         4.50 |
|  clock_gen/inst/vga_clk |                                   | vga_timing/SR[0]              |                3 |             10 |         3.33 |
|  clock_gen/inst/vga_clk | vga_timing/E[0]                   | btnC_IBUF                     |                4 |             10 |         2.50 |
|  PCLK_IBUF_BUFG         | capture_unit/cam_x[0]             | capture_unit/addr_reg_i_5_n_0 |                4 |             10 |         2.50 |
|  PCLK_IBUF_BUFG         | capture_unit/addr_reg_i_1_n_0     | capture_unit/clear            |                4 |             10 |         2.50 |
|  clock_gen/inst/vga_clk |                                   | btnC_IBUF                     |                6 |             14 |         2.33 |
|  clock_gen/inst/vga_clk |                                   |                               |               10 |             19 |         1.90 |
|  clk_IBUF_BUFG          | sccb/wait_cnt_0[0]                | btnC_IBUF                     |                6 |             20 |         3.33 |
+-------------------------+-----------------------------------+-------------------------------+------------------+----------------+--------------+


